[htmlbeans.com/html/schon/homepage1.html]
[backblue.gif]
[fade.gif]
[index.html]
[htmlbeans.com/html/schon/css/bootstrap.css]
[htmlbeans.com/html/schon/css/animate.css]
[htmlbeans.com/html/schon/css/icon-fonts.css]
[htmlbeans.com/html/schon/css/responsive.css]
[htmlbeans.com/html/schon/css/main.css]
[htmlbeans.com/html/schon/images/mt-logo.png]
[htmlbeans.com/html/schon/images/products/img36.jpg]
[htmlbeans.com/html/schon/images/products/img37.jpg]
[htmlbeans.com/html/schon/images/products/img38.jpg]
[htmlbeans.com/html/schon/homepage2.html]
[htmlbeans.com/html/schon/homepage3.html]
[htmlbeans.com/html/schon/homepage4.html]
[htmlbeans.com/html/schon/homepage5.html]
[htmlbeans.com/html/schon/homepage6.html]
[htmlbeans.com/html/schon/homepage7.html]
[htmlbeans.com/html/schon/homepage8.html]
[htmlbeans.com/html/schon/homepage9.html]
[htmlbeans.com/html/schon/homepage10.html]
[htmlbeans.com/html/schon/product-grid-view.html]
[htmlbeans.com/html/schon/product-grid-view2.html]
[htmlbeans.com/html/schon/product-grid-view4.html]
[htmlbeans.com/html/schon/product-grid-view5.html]
[htmlbeans.com/html/schon/product-grid-view6.html]
[htmlbeans.com/html/schon/product-grid-view7.html]
[htmlbeans.com/html/schon/blog-right-sidebar.html]
[htmlbeans.com/html/schon/blog-right-sidebar2.html]
[htmlbeans.com/html/schon/blog-fullwidth-page.html]
[htmlbeans.com/html/schon/blog-postlist-3-masonry.html]
[htmlbeans.com/html/schon/blog-post-detail-sidebar.html]
[htmlbeans.com/html/schon/blog-post-detail-full-width.html]
[htmlbeans.com/html/schon/product-list-view.html]
[htmlbeans.com/html/schon/product-quickview.html]
[htmlbeans.com/html/schon/product-detail.html]
[htmlbeans.com/html/schon/product-detail2.html]
[htmlbeans.com/html/schon/order-shopping-cart.html]
[htmlbeans.com/html/schon/order-checkout.html]
[htmlbeans.com/html/schon/ordertracking.html]
[htmlbeans.com/html/schon/wishlist.html]
[htmlbeans.com/html/schon/faq.html]
[htmlbeans.com/html/schon/loginpage.html]
[htmlbeans.com/html/schon/registerpage.html]
[htmlbeans.com/html/schon/newsletter-popup.html]
[htmlbeans.com/html/schon/404-page.html]
[htmlbeans.com/html/schon/404-page2.html]
[htmlbeans.com/html/schon/404-page3.html]
[htmlbeans.com/html/schon/404-page4.html]
[htmlbeans.com/html/schon/404-page5.html]
[htmlbeans.com/html/schon/coming-soon.html]
[htmlbeans.com/html/schon/coming-soon2.html]
[htmlbeans.com/html/schon/images/banner-drop.jpg]
[htmlbeans.com/html/schon/about-us.html]
[htmlbeans.com/html/schon/contact-us.html]
[htmlbeans.com/html/schon/contact-us2.html]
[htmlbeans.com/html/schon/images/sliders/img04.jpg]
[htmlbeans.com/html/schon/images/sliders/img05.jpg]
[htmlbeans.com/html/schon/images/sliders/img06.jpg]
[htmlbeans.com/html/schon/images/banner/img01.jpg]
[htmlbeans.com/html/schon/images/banner/img02.jpg]
[htmlbeans.com/html/schon/images/banner/img03.jpg]
[htmlbeans.com/html/schon/images/banner/img04.jpg]
[htmlbeans.com/html/schon/images/products/img01.jpg]
[htmlbeans.com/html/schon/images/products/img06.jpg]
[htmlbeans.com/html/schon/images/products/img02.jpg]
[htmlbeans.com/html/schon/images/products/img07.jpg]
[htmlbeans.com/html/schon/images/products/img03.jpg]
[htmlbeans.com/html/schon/images/products/img08.jpg]
[htmlbeans.com/html/schon/images/products/img04.jpg]
[htmlbeans.com/html/schon/images/products/img09.jpg]
[htmlbeans.com/html/schon/images/products/img05.jpg]
[htmlbeans.com/html/schon/images/products/img10.jpg]
[htmlbeans.com/html/schon/images/products/img11.jpg]
[htmlbeans.com/html/schon/images/products/img12.jpg]
[htmlbeans.com/html/schon/images/products/img13.jpg]
[htmlbeans.com/html/schon/images/products/img14.jpg]
[htmlbeans.com/html/schon/images/products/img15.jpg]
[htmlbeans.com/html/schon/images/products/img16.jpg]
[htmlbeans.com/html/schon/images/products/img17.jpg]
[htmlbeans.com/html/schon/images/products/img18.jpg]
[htmlbeans.com/html/schon/images/products/img19.jpg]
[htmlbeans.com/html/schon/images/products/img20.jpg]
[htmlbeans.com/html/schon/images/products/img21.jpg]
[htmlbeans.com/html/schon/images/logo.png]
[htmlbeans.com/html/schon/images/bank-card.png]
[htmlbeans.com/html/schon/images/img03.jpg]
[htmlbeans.com/html/schon/images/img02.png]
[htmlbeans.com/html/schon/js/jquery.js]
[htmlbeans.com/html/schon/js/jquery.main.js]
[htmlbeans.com/html/schon/homepage1.html]
[htmlbeans.com/html/schon/js/plugins.js]
[htmlbeans.com/html/schon/fonts/bootstrap/glyphicons-halflings-regular.eot]
[htmlbeans.com/html/schon/fonts/bootstrap/glyphicons-halflings-regulard41d.eot]
[htmlbeans.com/html/schon/fonts/bootstrap/glyphicons-halflings-regular.woff]
[htmlbeans.com/html/schon/fonts/bootstrap/glyphicons-halflings-regular.ttf]
[htmlbeans.com/html/schon/css/bootstrap.css]
[htmlbeans.com/html/schon/css/animate.css]
[htmlbeans.com/html/schon/fonts/Simple-Line-Icons.eot]
[htmlbeans.com/html/schon/fonts/Simple-Line-Iconsd41d.eot]
[htmlbeans.com/html/schon/fonts/Simple-Line-Icons.woff]
[htmlbeans.com/html/schon/fonts/Simple-Line-Icons.ttf]
[htmlbeans.com/html/schon/fonts/fontawesome-webfont9efe.eot]
[htmlbeans.com/html/schon/fonts/fontawesome-webfontd41d.eot]
[htmlbeans.com/html/schon/fonts/fontawesome-webfont9efe.woff]
[htmlbeans.com/html/schon/fonts/fontawesome-webfont9efe.ttf]
[htmlbeans.com/html/schon/css/icon-fonts.css]
[htmlbeans.com/html/schon/images/ajax-loader.gif]
[htmlbeans.com/html/schon/fonts/slick.eot]
[htmlbeans.com/html/schon/fonts/slickd41d.eot]
[htmlbeans.com/html/schon/fonts/slick.woff]
[htmlbeans.com/html/schon/fonts/slick.ttf]
[htmlbeans.com/html/schon/images/fancybox/fancybox_sprite.png]
[htmlbeans.com/html/schon/images/fancybox/fancybox_loading.gif]
[htmlbeans.com/html/schon/images/fancybox/blank.gif]
[htmlbeans.com/html/schon/images/fancybox/fancybox_overlay.png]
[htmlbeans.com/html/schon/fonts/fontello.eot]
[htmlbeans.com/html/schon/fonts/fontellod41d.eot]
[htmlbeans.com/html/schon/fonts/fontello.woff]
[htmlbeans.com/html/schon/fonts/fontello.ttf]
[htmlbeans.com/html/schon/css/main.css]
[htmlbeans.com/html/schon/css/responsive.css]
[htmlbeans.com/html/schon/images/svg/rings.svg]
[htmlbeans.com/html/schon/images/banner/img05.jpg]
[htmlbeans.com/html/schon/images/banner/img06.jpg]
[htmlbeans.com/html/schon/images/banner/img07.jpg]
[htmlbeans.com/html/schon/images/banner/img08.jpg]
[htmlbeans.com/html/schon/images/banner/img12.jpg]
[htmlbeans.com/html/schon/images/banner/img13.jpg]
[htmlbeans.com/html/schon/images/sliders/img10.jpg]
[htmlbeans.com/html/schon/images/sliders/img08.jpg]
[htmlbeans.com/html/schon/images/sliders/img09.jpg]
[htmlbeans.com/html/schon/images/sliders/img07.jpg]
[htmlbeans.com/html/schon/images/products/img22.jpg]
[htmlbeans.com/html/schon/images/products/img23.jpg]
[htmlbeans.com/html/schon/images/products/img24.jpg]
[htmlbeans.com/html/schon/images/banner/img20.jpg]
[htmlbeans.com/html/schon/images/banner/img21.jpg]
[htmlbeans.com/html/schon/images/banner/img19.jpg]
[htmlbeans.com/html/schon/images/logo/img01.jpg]
[htmlbeans.com/html/schon/images/logo/img02.jpg]
[htmlbeans.com/html/schon/images/logo/img03.jpg]
[htmlbeans.com/html/schon/images/logo/img04.jpg]
[htmlbeans.com/html/schon/images/logo/img05.jpg]
[htmlbeans.com/html/schon/images/logo/img06.jpg]
[htmlbeans.com/html/schon/homepage2.html]
[htmlbeans.com/html/schon/images/sliders/img13.jpg]
[htmlbeans.com/html/schon/images/sliders/img12.jpg]
[htmlbeans.com/html/schon/images/sliders/img11.jpg]
[htmlbeans.com/html/schon/images/products/img40.jpg]
[htmlbeans.com/html/schon/images/products/img41.jpg]
[htmlbeans.com/html/schon/images/products/img39.jpg]
[htmlbeans.com/html/schon/images/products/img45.jpg]
[htmlbeans.com/html/schon/images/products/img44.jpg]
[htmlbeans.com/html/schon/images/products/img43.jpg]
[htmlbeans.com/html/schon/images/products/img42.jpg]
[htmlbeans.com/html/schon/images/products/img46.jpg]
[htmlbeans.com/html/schon/images/products/img47.jpg]
[htmlbeans.com/html/schon/images/products/img48.jpg]
[htmlbeans.com/html/schon/images/products/img50.jpg]
[htmlbeans.com/html/schon/images/products/img51.jpg]
[htmlbeans.com/html/schon/images/products/img54.jpg]
[htmlbeans.com/html/schon/images/products/img53.jpg]
[htmlbeans.com/html/schon/images/products/img52.jpg]
[htmlbeans.com/html/schon/images/products/img55.jpg]
[htmlbeans.com/html/schon/images/products/img56.jpg]
[htmlbeans.com/html/schon/images/products/img57.jpg]
[htmlbeans.com/html/schon/images/products/img58.jpg]
[htmlbeans.com/html/schon/images/banner/img15.jpg]
[htmlbeans.com/html/schon/images/banner/img16.jpg]
[htmlbeans.com/html/schon/images/banner/img14.jpg]
[htmlbeans.com/html/schon/index.html]
[htmlbeans.com/html/schon/images/bank-card2.png]
[htmlbeans.com/html/schon/homepage3.html]
[htmlbeans.com/html/schon/images/sliders/img02.jpg]
[htmlbeans.com/html/schon/images/sliders/img01.jpg]
[htmlbeans.com/html/schon/images/sliders/img03.jpg]
[htmlbeans.com/html/schon/images/banner/img18.jpg]
[htmlbeans.com/html/schon/images/banner/img17.jpg]
[htmlbeans.com/html/schon/images/products/img28.jpg]
[htmlbeans.com/html/schon/images/products/img29.jpg]
[htmlbeans.com/html/schon/images/products/img30.jpg]
[htmlbeans.com/html/schon/homepage4.html]
[htmlbeans.com/html/schon/images/products/img31.jpg]
[htmlbeans.com/html/schon/images/products/img32.jpg]
[htmlbeans.com/html/schon/images/products/img33.jpg]
[htmlbeans.com/html/schon/images/products/img34.jpg]
[htmlbeans.com/html/schon/images/products/img35.jpg]
[htmlbeans.com/html/schon/homepage5.html]
[htmlbeans.com/html/schon/images/img-34.jpg]
[htmlbeans.com/html/schon/images/img-46.jpg]
[htmlbeans.com/html/schon/images/img-47.jpg]
[htmlbeans.com/html/schon/homepage6.html]
[htmlbeans.com/html/schon/homepage7.html]
[htmlbeans.com/html/schon/images/img-32.jpg]
[htmlbeans.com/html/schon/images/img-43.jpg]
[htmlbeans.com/html/schon/images/img-45.jpg]
[htmlbeans.com/html/schon/images/img-17.jpg]
[htmlbeans.com/html/schon/images/img-18.jpg]
[htmlbeans.com/html/schon/images/img-19.jpg]
[htmlbeans.com/html/schon/images/img-20.jpg]
[htmlbeans.com/html/schon/images/img-21.jpg]
[htmlbeans.com/html/schon/images/products/img78.jpg]
[htmlbeans.com/html/schon/images/products/img79.jpg]
[htmlbeans.com/html/schon/images/products/img80.jpg]
[htmlbeans.com/html/schon/images/products/img81.jpg]
[htmlbeans.com/html/schon/homepage8.html]
[htmlbeans.com/html/schon/images/img-44.jpg]
[htmlbeans.com/html/schon/images/img-42.jpg]
[htmlbeans.com/html/schon/images/banner/img22.jpg]
[htmlbeans.com/html/schon/homepage9.html]
[htmlbeans.com/html/schon/images/products/img67.jpg]
[htmlbeans.com/html/schon/images/products/img82.jpg]
[htmlbeans.com/html/schon/images/products/img83.jpg]
[htmlbeans.com/html/schon/images/products/img84.jpg]
[htmlbeans.com/html/schon/images/products/img85.jpg]
[htmlbeans.com/html/schon/images/products/img86.jpg]
[htmlbeans.com/html/schon/images/products/img88.jpg]
[htmlbeans.com/html/schon/images/products/img87.jpg]
[htmlbeans.com/html/schon/images/products/img89.jpg]
[htmlbeans.com/html/schon/homepage10.html]
[htmlbeans.com/html/schon/images/img11.jpg]
[htmlbeans.com/html/schon/images/products/img68.jpg]
[htmlbeans.com/html/schon/images/products/img69.jpg]
[htmlbeans.com/html/schon/images/products/img70.jpg]
[htmlbeans.com/html/schon/images/products/img71.jpg]
[htmlbeans.com/html/schon/product-grid-view.html]
[htmlbeans.com/html/schon/product-grid-view2.html]
[htmlbeans.com/html/schon/product-grid-view4.html]
[htmlbeans.com/html/schon/product-grid-view5.html]
[htmlbeans.com/html/schon/product-grid-view6.html]
[htmlbeans.com/html/schon/product-grid-view7.html]
[htmlbeans.com/html/schon/images/img33.jpg]
[htmlbeans.com/html/schon/product-grid-view3.html]
[htmlbeans.com/html/schon/images/img34.jpg]
[htmlbeans.com/html/schon/images/img35.jpg]
[htmlbeans.com/html/schon/images/img53.jpg]
[htmlbeans.com/html/schon/images/img54.jpg]
[htmlbeans.com/html/schon/images/img10.jpg]
[htmlbeans.com/html/schon/images/img12.jpg]
[htmlbeans.com/html/schon/images/img13.jpg]
[htmlbeans.com/html/schon/images/img14.jpg]
[htmlbeans.com/html/schon/images/img15.jpg]
[htmlbeans.com/html/schon/blog-right-sidebar.html]
[htmlbeans.com/html/schon/images/img07.jpg]
[htmlbeans.com/html/schon/images/img08.jpg]
[htmlbeans.com/html/schon/images/img09.jpg]
[htmlbeans.com/html/schon/blog-fullwidth-page.html]
[htmlbeans.com/html/schon/images/img16.jpg]
[htmlbeans.com/html/schon/images/img17.jpg]
[htmlbeans.com/html/schon/images/img18.jpg]
[htmlbeans.com/html/schon/images/img19.jpg]
[htmlbeans.com/html/schon/images/img20.jpg]
[htmlbeans.com/html/schon/images/img21.jpg]
[htmlbeans.com/html/schon/images/img22.jpg]
[htmlbeans.com/html/schon/blog-right-sidebar2.html]
[htmlbeans.com/html/schon/images/img-71.jpg]
[htmlbeans.com/html/schon/images/img-72.jpg]
[htmlbeans.com/html/schon/images/img-73.jpg]
[htmlbeans.com/html/schon/images/img-74.jpg]
[htmlbeans.com/html/schon/images/img-75.jpg]
[htmlbeans.com/html/schon/images/img36.jpg]
[htmlbeans.com/html/schon/images/img37.jpg]
[htmlbeans.com/html/schon/images/img38.jpg]
[htmlbeans.com/html/schon/images/img39.jpg]
[htmlbeans.com/html/schon/blog-postlist-3-masonry.html]
[htmlbeans.com/html/schon/images/img-70.jpg]
[htmlbeans.com/html/schon/images/img23.jpg]
[htmlbeans.com/html/schon/images/img24.jpg]
[htmlbeans.com/html/schon/images/img25.jpg]
[htmlbeans.com/html/schon/images/img26.jpg]
[htmlbeans.com/html/schon/images/img27.jpg]
[htmlbeans.com/html/schon/images/img28.jpg]
[htmlbeans.com/html/schon/images/img29.jpg]
[htmlbeans.com/html/schon/blog-post-detail-sidebar.html]
[htmlbeans.com/html/schon/blog-post-detail-full-width.html]
[htmlbeans.com/html/schon/images/products/img72.jpg]
[htmlbeans.com/html/schon/images/products/img73.jpg]
[htmlbeans.com/html/schon/images/products/img74.jpg]
[htmlbeans.com/html/schon/images/products/img75.jpg]
[htmlbeans.com/html/schon/images/products/img76.jpg]
[htmlbeans.com/html/schon/images/products/img77.jpg]
[htmlbeans.com/html/schon/product-list-view.html]
[htmlbeans.com/html/schon/product-quickview.html]
[htmlbeans.com/html/schon/images/products/img64.jpg]
[htmlbeans.com/html/schon/images/products/img65.jpg]
[htmlbeans.com/html/schon/images/products/img66.jpg]
[htmlbeans.com/html/schon/images/products/img59.jpg]
[htmlbeans.com/html/schon/images/products/img60.jpg]
[htmlbeans.com/html/schon/images/products/img61.jpg]
[htmlbeans.com/html/schon/images/products/img62.jpg]
[htmlbeans.com/html/schon/images/products/img63.jpg]
[htmlbeans.com/html/schon/product-detail.html]
[htmlbeans.com/html/schon/product-detail2.html]
[htmlbeans.com/html/schon/images/img-76.jpg]
[htmlbeans.com/html/schon/images/img40.jpg]
[htmlbeans.com/html/schon/images/img41.jpg]
[htmlbeans.com/html/schon/images/img42.jpg]
[htmlbeans.com/html/schon/order-shopping-cart.html]
[htmlbeans.com/html/schon/order-checkout.html]
[htmlbeans.com/html/schon/images/img43.jpg]
[htmlbeans.com/html/schon/images/img48.jpg]
[htmlbeans.com/html/schon/images/img49.jpg]
[htmlbeans.com/html/schon/images/img50.jpg]
[htmlbeans.com/html/schon/images/img51.jpg]
[htmlbeans.com/html/schon/ordertracking.html]
[htmlbeans.com/html/schon/wishlist.html]
[htmlbeans.com/html/schon/images/img-05.jpg]
[htmlbeans.com/html/schon/images/img-03.jpg]
[htmlbeans.com/html/schon/faq.html]
[htmlbeans.com/html/schon/loginpage.html]
[htmlbeans.com/html/schon/registerpage.html]
[htmlbeans.com/html/schon/newsletter-popup.html]
[htmlbeans.com/html/schon/images/img06.jpg]
[htmlbeans.com/html/schon/images/logo2.png]
[htmlbeans.com/html/schon/404-page.html]
[htmlbeans.com/html/schon/404-page2.html]
[htmlbeans.com/html/schon/404-page3.html]
[htmlbeans.com/html/schon/404-page4.html]
[htmlbeans.com/html/schon/images/img01.jpg]
[htmlbeans.com/html/schon/404-page5.html]
[htmlbeans.com/html/schon/images/sliders/img15.jpg]
[htmlbeans.com/html/schon/images/mt-logo2.png]
[htmlbeans.com/html/schon/coming-soon.html]
[htmlbeans.com/html/schon/images/sliders/img14.jpg]
[htmlbeans.com/html/schon/coming-soon2.html]
[htmlbeans.com/html/schon/images/img44.jpg]
[htmlbeans.com/html/schon/images/img45.jpg]
[htmlbeans.com/html/schon/images/img46.jpg]
[htmlbeans.com/html/schon/images/img47.jpg]
[htmlbeans.com/html/schon/about-us.html]
[htmlbeans.com/html/schon/contact-us.html]
[htmlbeans.com/html/schon/images/map-logo.png]
[htmlbeans.com/html/schon/contact-us2.html]
[htmlbeans.com/html/schon/fonts/bootstrap/glyphicons-halflings-regular.html]
[htmlbeans.com/html/schon/fonts/bootstrap/glyphicons-halflings-regular.svg]
[htmlbeans.com/html/schon/fonts/Simple-Line-Icons.svg]
[htmlbeans.com/html/schon/fonts/fontawesome-webfont9efe.html]
[htmlbeans.com/html/schon/fonts/fontawesome-webfont9efe.svg]
[htmlbeans.com/html/schon/fonts/slick.html]
[htmlbeans.com/html/schon/fonts/slick.svg]
[htmlbeans.com/html/schon/fonts/fontello.html]
[htmlbeans.com/html/schon/im/img01.jpg]
[htmlbeans.com/html/schon/im/logo.png]
[htmlbeans.com/html/schon/im/preview-1.jpg]
[htmlbeans.com/html/schon/im/preview-2.jpg]
[htmlbeans.com/html/schon/im/preview-3.jpg]
[htmlbeans.com/html/schon/im/preview-4.jpg]
[htmlbeans.com/html/schon/im/preview-5.jpg]
[htmlbeans.com/html/schon/im/preview-6.jpg]
[htmlbeans.com/html/schon/im/preview-7.jpg]
[htmlbeans.com/html/schon/im/preview-8.jpg]
[htmlbeans.com/html/schon/im/preview-9.jpg]
[htmlbeans.com/html/schon/im/preview-10.jpg]
[htmlbeans.com/html/schon/im/preview-11.jpg]
[htmlbeans.com/html/schon/im/preview-12.jpg]
[htmlbeans.com/html/schon/im/preview-13.jpg]
[htmlbeans.com/html/schon/im/preview-14.jpg]
[htmlbeans.com/html/schon/im/preview-15.jpg]
[htmlbeans.com/html/schon/im/preview-16.jpg]
[htmlbeans.com/html/schon/im/preview-17.jpg]
[htmlbeans.com/html/schon/im/preview-18.jpg]
[htmlbeans.com/html/schon/im/preview-26.jpg]
[htmlbeans.com/html/schon/im/preview-27.jpg]
[htmlbeans.com/html/schon/im/preview-19.jpg]
[htmlbeans.com/html/schon/im/preview-20.jpg]
[htmlbeans.com/html/schon/im/preview-21.jpg]
[htmlbeans.com/html/schon/im/preview-22.jpg]
[htmlbeans.com/html/schon/im/preview-28.jpg]
[htmlbeans.com/html/schon/im/preview-29.jpg]
[htmlbeans.com/html/schon/im/preview-30.jpg]
[htmlbeans.com/html/schon/im/preview-31.jpg]
[htmlbeans.com/html/schon/im/preview-32.jpg]
[htmlbeans.com/html/schon/im/preview-33.jpg]
[htmlbeans.com/html/schon/im/preview-34.jpg]
[htmlbeans.com/html/schon/im/preview-35.jpg]
[htmlbeans.com/html/schon/im/preview-36.jpg]
[htmlbeans.com/html/schon/im/preview-37.jpg]
[htmlbeans.com/html/schon/im/preview-38.jpg]
[htmlbeans.com/html/schon/im/preview-39.jpg]
[htmlbeans.com/html/schon/im/preview-40.jpg]
[htmlbeans.com/html/schon/im/preview-41.jpg]
[htmlbeans.com/html/schon/im/preview-23.jpg]
[htmlbeans.com/html/schon/im/preview-24.jpg]
[htmlbeans.com/html/schon/im/preview-25.jpg]
[htmlbeans.com/html/schon/im/img06.png]
[htmlbeans.com/html/schon/im/feature-1.jpg]
[htmlbeans.com/html/schon/im/feature-2.jpg]
[htmlbeans.com/html/schon/im/feature-3.jpg]
[htmlbeans.com/html/schon/im/feature-4.jpg]
[htmlbeans.com/html/schon/im/feature-5.jpg]
[htmlbeans.com/html/schon/im/feature6.jpg]
[htmlbeans.com/html/schon/im/feature-7.jpg]
[htmlbeans.com/html/schon/im/feature-8.jpg]
[htmlbeans.com/html/schon/im/feature-9.jpg]
[htmlbeans.com/html/schon/im/feature-10.jpg]
[htmlbeans.com/html/schon/im/feature-11.jpg]
[htmlbeans.com/html/schon/im/feature-12.jpg]
[htmlbeans.com/html/schon/im/feature-13.jpg]
[htmlbeans.com/html/schon/im/feature-14.jpg]
[htmlbeans.com/html/schon/im/feature-15.jpg]
[htmlbeans.com/html/schon/im/feature-16.jpg]
[htmlbeans.com/html/schon/im/feature-17.jpg]
[htmlbeans.com/html/schon/im/feature-18.jpg]
[htmlbeans.com/html/schon/im/feature-19.jpg]
[htmlbeans.com/html/schon/im/img07.jpg]
[htmlbeans.com/html/schon/index.html]
[htmlbeans.com/html/schon/product-grid-view3.html]
[htmlbeans.com/html/schon/css/font-awesome.html]
[htmlbeans.com/html/schon/im/preview-14.jpg]
[htmlbeans.com/html/schon/im/preview-15.jpg]
[htmlbeans.com/html/schon/images/products/img61.jpg]
[htmlbeans.com/html/schon/product-grid-view8.html]
